// Jest Snapshot v1, https://goo.gl/fbAQLP

exports[`Options Component Render default 1`] = `null`;

exports[`Options Component Render with props 1`] = `
Array [
  <option
    value={1}
  >
    One
  </option>,
  <option
    value={2}
  >
    Two
  </option>,
]
`;
